192.168.43.154 - - [31/Aug/2025:11:29:36 +0800] "GET /english HTTP/1.1" 301 169 "-" "Mozilla/5.0 (Linux; Android 15; V2338A Build/AP3A.240905.015.A2; wv) AppleWebKit/537.36 (KHTML, like Gecko) Version/4.0 Chrome/138.0.7204.180 Mobile Safari/537.36 XWEB/1380143 MMWEBSDK/20250503 MMWEBID/8831 MicroMessenger/8.0.61.2880(0x28003D5B) WeChat/arm64 Weixin NetType/WIFI Language/zh_CN ABI/arm64"
192.168.43.154 - - [31/Aug/2025:11:29:36 +0800] "GET /english/ HTTP/1.1" 200 12462 "-" "Mozilla/5.0 (Linux; Android 15; V2338A Build/AP3A.240905.015.A2; wv) AppleWebKit/537.36 (KHTML, like Gecko) Version/4.0 Chrome/138.0.7204.180 Mobile Safari/537.36 XWEB/1380143 MMWEBSDK/20250503 MMWEBID/8831 MicroMessenger/8.0.61.2880(0x28003D5B) WeChat/arm64 Weixin NetType/WIFI Language/zh_CN ABI/arm64"
192.168.43.154 - - [31/Aug/2025:11:29:36 +0800] "GET /favicon.ico HTTP/1.1" 404 555 "http://192.168.43.106/english/" "Mozilla/5.0 (Linux; Android 15; V2338A Build/AP3A.240905.015.A2; wv) AppleWebKit/537.36 (KHTML, like Gecko) Version/4.0 Chrome/138.0.7204.180 Mobile Safari/537.36 XWEB/1380143 MMWEBSDK/20250503 MMWEBID/8831 MicroMessenger/8.0.61.2880(0x28003D5B) WeChat/arm64 Weixin NetType/WIFI Language/zh_CN ABI/arm64"
192.168.43.225 - - [31/Aug/2025:11:41:46 +0800] "GET /game/ HTTP/1.1" 304 0 "-" "Mozilla/5.0 (Linux; Android 15; PA2473 Build/AP3A.240905.015.A2; wv) AppleWebKit/537.36 (KHTML, like Gecko) Version/4.0 Chrome/134.0.6998.136 Safari/537.36 XWEB/1340109 MMWEBSDK/20240501 MMWEBID/8831 MicroMessenger/8.0.50.2701(0x2800325B) WeChat/arm64 Weixin Android Tablet NetType/WIFI Language/zh_CN ABI/arm64"
192.168.43.225 - - [31/Aug/2025:11:41:47 +0800] "GET /favicon.ico HTTP/1.1" 404 555 "http://192.168.43.106/game/" "Mozilla/5.0 (Linux; Android 15; PA2473 Build/AP3A.240905.015.A2; wv) AppleWebKit/537.36 (KHTML, like Gecko) Version/4.0 Chrome/134.0.6998.136 Safari/537.36 XWEB/1340109 MMWEBSDK/20240501 MMWEBID/8831 MicroMessenger/8.0.50.2701(0x2800325B) WeChat/arm64 Weixin Android Tablet NetType/WIFI Language/zh_CN ABI/arm64"
192.168.43.154 - - [31/Aug/2025:13:24:18 +0800] "GET /english/ HTTP/1.1" 304 0 "-" "Mozilla/5.0 (Linux; Android 15; V2338A Build/AP3A.240905.015.A2; wv) AppleWebKit/537.36 (KHTML, like Gecko) Version/4.0 Chrome/138.0.7204.180 Mobile Safari/537.36 XWEB/1380143 MMWEBSDK/20250503 MMWEBID/8831 MicroMessenger/8.0.61.2880(0x28003D5B) WeChat/arm64 Weixin NetType/WIFI Language/zh_CN ABI/arm64"
192.168.43.154 - - [31/Aug/2025:13:24:18 +0800] "GET /favicon.ico HTTP/1.1" 404 555 "http://192.168.43.106/english/" "Mozilla/5.0 (Linux; Android 15; V2338A Build/AP3A.240905.015.A2; wv) AppleWebKit/537.36 (KHTML, like Gecko) Version/4.0 Chrome/138.0.7204.180 Mobile Safari/537.36 XWEB/1380143 MMWEBSDK/20250503 MMWEBID/8831 MicroMessenger/8.0.61.2880(0x28003D5B) WeChat/arm64 Weixin NetType/WIFI Language/zh_CN ABI/arm64"
192.168.43.225 - - [31/Aug/2025:15:24:29 +0800] "GET /option/ HTTP/1.1" 200 28808 "-" "Mozilla/5.0 (Linux; Android 15; PA2473 Build/AP3A.240905.015.A2; wv) AppleWebKit/537.36 (KHTML, like Gecko) Version/4.0 Chrome/134.0.6998.136 Safari/537.36 XWEB/1340109 MMWEBSDK/20240501 MMWEBID/8831 MicroMessenger/8.0.50.2701(0x2800325B) WeChat/arm64 Weixin Android Tablet NetType/WIFI Language/zh_CN ABI/arm64"
192.168.43.225 - - [31/Aug/2025:15:24:29 +0800] "GET /favicon.ico HTTP/1.1" 404 555 "http://192.168.43.106/option/" "Mozilla/5.0 (Linux; Android 15; PA2473 Build/AP3A.240905.015.A2; wv) AppleWebKit/537.36 (KHTML, like Gecko) Version/4.0 Chrome/134.0.6998.136 Safari/537.36 XWEB/1340109 MMWEBSDK/20240501 MMWEBID/8831 MicroMessenger/8.0.50.2701(0x2800325B) WeChat/arm64 Weixin Android Tablet NetType/WIFI Language/zh_CN ABI/arm64"
192.168.43.225 - - [31/Aug/2025:15:40:44 +0800] "GET /game/ HTTP/1.1" 304 0 "-" "Mozilla/5.0 (Linux; Android 15; PA2473 Build/AP3A.240905.015.A2; wv) AppleWebKit/537.36 (KHTML, like Gecko) Version/4.0 Chrome/134.0.6998.136 Safari/537.36 XWEB/1340109 MMWEBSDK/20240501 MMWEBID/8831 MicroMessenger/8.0.50.2701(0x2800325B) WeChat/arm64 Weixin Android Tablet NetType/WIFI Language/zh_CN ABI/arm64"
192.168.43.225 - - [31/Aug/2025:15:40:44 +0800] "GET /favicon.ico HTTP/1.1" 404 555 "http://192.168.43.106/game/" "Mozilla/5.0 (Linux; Android 15; PA2473 Build/AP3A.240905.015.A2; wv) AppleWebKit/537.36 (KHTML, like Gecko) Version/4.0 Chrome/134.0.6998.136 Safari/537.36 XWEB/1340109 MMWEBSDK/20240501 MMWEBID/8831 MicroMessenger/8.0.50.2701(0x2800325B) WeChat/arm64 Weixin Android Tablet NetType/WIFI Language/zh_CN ABI/arm64"
192.168.43.154 - - [31/Aug/2025:16:16:50 +0800] "GET /game HTTP/1.1" 301 169 "-" "Mozilla/5.0 (Linux; Android 15; V2338A Build/AP3A.240905.015.A2; wv) AppleWebKit/537.36 (KHTML, like Gecko) Version/4.0 Chrome/138.0.7204.180 Mobile Safari/537.36 XWEB/1380143 MMWEBSDK/20250503 MMWEBID/8831 MicroMessenger/8.0.61.2880(0x28003D5B) WeChat/arm64 Weixin NetType/WIFI Language/zh_CN ABI/arm64"
192.168.43.154 - - [31/Aug/2025:16:16:50 +0800] "GET /game/ HTTP/1.1" 200 44724 "-" "Mozilla/5.0 (Linux; Android 15; V2338A Build/AP3A.240905.015.A2; wv) AppleWebKit/537.36 (KHTML, like Gecko) Version/4.0 Chrome/138.0.7204.180 Mobile Safari/537.36 XWEB/1380143 MMWEBSDK/20250503 MMWEBID/8831 MicroMessenger/8.0.61.2880(0x28003D5B) WeChat/arm64 Weixin NetType/WIFI Language/zh_CN ABI/arm64"
192.168.43.154 - - [31/Aug/2025:16:16:50 +0800] "GET /audio/background.mp3 HTTP/1.1" 404 555 "http://192.168.43.106/game/" "Mozilla/5.0 (Linux; Android 15; V2338A Build/AP3A.240905.015.A2; wv) AppleWebKit/537.36 (KHTML, like Gecko) Version/4.0 Chrome/138.0.7204.180 Mobile Safari/537.36 XWEB/1380143 MMWEBSDK/20250503 MMWEBID/8831 MicroMessenger/8.0.61.2880(0x28003D5B) WeChat/arm64 Weixin NetType/WIFI Language/zh_CN ABI/arm64"
192.168.43.154 - - [31/Aug/2025:16:16:53 +0800] "GET /favicon.ico HTTP/1.1" 404 555 "http://192.168.43.106/game/" "Mozilla/5.0 (Linux; Android 15; V2338A Build/AP3A.240905.015.A2; wv) AppleWebKit/537.36 (KHTML, like Gecko) Version/4.0 Chrome/138.0.7204.180 Mobile Safari/537.36 XWEB/1380143 MMWEBSDK/20250503 MMWEBID/8831 MicroMessenger/8.0.61.2880(0x28003D5B) WeChat/arm64 Weixin NetType/WIFI Language/zh_CN ABI/arm64"
192.168.43.154 - - [31/Aug/2025:16:17:47 +0800] "GET /game/ HTTP/1.1" 304 0 "-" "Mozilla/5.0 (Linux; Android 15; V2338A Build/AP3A.240905.015.A2; wv) AppleWebKit/537.36 (KHTML, like Gecko) Version/4.0 Chrome/138.0.7204.180 Mobile Safari/537.36 XWEB/1380143 MMWEBSDK/20250503 MMWEBID/8831 MicroMessenger/8.0.61.2880(0x28003D5B) WeChat/arm64 Weixin NetType/WIFI Language/zh_CN ABI/arm64"
192.168.43.154 - - [31/Aug/2025:16:17:48 +0800] "GET /audio/background.mp3 HTTP/1.1" 404 555 "http://192.168.43.106/game/" "Mozilla/5.0 (Linux; Android 15; V2338A Build/AP3A.240905.015.A2; wv) AppleWebKit/537.36 (KHTML, like Gecko) Version/4.0 Chrome/138.0.7204.180 Mobile Safari/537.36 XWEB/1380143 MMWEBSDK/20250503 MMWEBID/8831 MicroMessenger/8.0.61.2880(0x28003D5B) WeChat/arm64 Weixin NetType/WIFI Language/zh_CN ABI/arm64"
192.168.43.154 - - [31/Aug/2025:16:17:48 +0800] "GET /favicon.ico HTTP/1.1" 404 555 "http://192.168.43.106/game/" "Mozilla/5.0 (Linux; Android 15; V2338A Build/AP3A.240905.015.A2; wv) AppleWebKit/537.36 (KHTML, like Gecko) Version/4.0 Chrome/138.0.7204.180 Mobile Safari/537.36 XWEB/1380143 MMWEBSDK/20250503 MMWEBID/8831 MicroMessenger/8.0.61.2880(0x28003D5B) WeChat/arm64 Weixin NetType/WIFI Language/zh_CN ABI/arm64"
192.168.43.106 - - [31/Aug/2025:16:18:08 +0800] "GET /game HTTP/1.1" 301 169 "-" "Mozilla/5.0 (Windows NT 10.0; Win64; x64) AppleWebKit/537.36 (KHTML, like Gecko) Chrome/124.0.0.0 Safari/537.36 SLBrowser/9.0.6.7021 SLBChan/10 SLBVPV/64-bit"
192.168.43.106 - - [31/Aug/2025:16:18:08 +0800] "GET /game/ HTTP/1.1" 200 44724 "-" "Mozilla/5.0 (Windows NT 10.0; Win64; x64) AppleWebKit/537.36 (KHTML, like Gecko) Chrome/124.0.0.0 Safari/537.36 SLBrowser/9.0.6.7021 SLBChan/10 SLBVPV/64-bit"
192.168.43.106 - - [31/Aug/2025:16:18:08 +0800] "GET /audio/background.mp3 HTTP/1.1" 404 555 "http://192.168.43.106/game/" "Mozilla/5.0 (Windows NT 10.0; Win64; x64) AppleWebKit/537.36 (KHTML, like Gecko) Chrome/124.0.0.0 Safari/537.36 SLBrowser/9.0.6.7021 SLBChan/10 SLBVPV/64-bit"
192.168.43.106 - - [31/Aug/2025:16:18:11 +0800] "GET /favicon.ico HTTP/1.1" 404 555 "http://192.168.43.106/game/" "Mozilla/5.0 (Windows NT 10.0; Win64; x64) AppleWebKit/537.36 (KHTML, like Gecko) Chrome/124.0.0.0 Safari/537.36 SLBrowser/9.0.6.7021 SLBChan/10 SLBVPV/64-bit"
192.168.43.106 - - [31/Aug/2025:16:18:16 +0800] "GET /game/ HTTP/1.1" 304 0 "-" "Mozilla/5.0 (Windows NT 10.0; Win64; x64) AppleWebKit/537.36 (KHTML, like Gecko) Chrome/124.0.0.0 Safari/537.36 SLBrowser/9.0.6.7021 SLBChan/10 SLBVPV/64-bit"
192.168.43.106 - - [31/Aug/2025:16:18:16 +0800] "GET /audio/background.mp3 HTTP/1.1" 404 555 "http://192.168.43.106/game/" "Mozilla/5.0 (Windows NT 10.0; Win64; x64) AppleWebKit/537.36 (KHTML, like Gecko) Chrome/124.0.0.0 Safari/537.36 SLBrowser/9.0.6.7021 SLBChan/10 SLBVPV/64-bit"
192.168.43.106 - - [31/Aug/2025:16:20:06 +0800] "GET /game/ HTTP/1.1" 200 44739 "-" "Mozilla/5.0 (Windows NT 10.0; Win64; x64) AppleWebKit/537.36 (KHTML, like Gecko) Chrome/124.0.0.0 Safari/537.36 SLBrowser/9.0.6.7021 SLBChan/10 SLBVPV/64-bit"
192.168.43.106 - - [31/Aug/2025:16:20:06 +0800] "GET /audio/%E8%90%A7%E5%BF%86%E6%83%85Alex%20-%20%E4%B8%8D%E8%B0%93%E4%BE%A0.mp3 HTTP/1.1" 404 555 "http://192.168.43.106/game/" "Mozilla/5.0 (Windows NT 10.0; Win64; x64) AppleWebKit/537.36 (KHTML, like Gecko) Chrome/124.0.0.0 Safari/537.36 SLBrowser/9.0.6.7021 SLBChan/10 SLBVPV/64-bit"
192.168.43.106 - - [31/Aug/2025:16:20:42 +0800] "GET /game/ HTTP/1.1" 200 44719 "-" "Mozilla/5.0 (Windows NT 10.0; Win64; x64) AppleWebKit/537.36 (KHTML, like Gecko) Chrome/124.0.0.0 Safari/537.36 SLBrowser/9.0.6.7021 SLBChan/10 SLBVPV/64-bit"
192.168.43.106 - - [31/Aug/2025:16:20:42 +0800] "GET /audio/music.mp3 HTTP/1.1" 404 555 "http://192.168.43.106/game/" "Mozilla/5.0 (Windows NT 10.0; Win64; x64) AppleWebKit/537.36 (KHTML, like Gecko) Chrome/124.0.0.0 Safari/537.36 SLBrowser/9.0.6.7021 SLBChan/10 SLBVPV/64-bit"
192.168.43.106 - - [31/Aug/2025:16:20:55 +0800] "GET /game/ HTTP/1.1" 304 0 "-" "Mozilla/5.0 (Windows NT 10.0; Win64; x64) AppleWebKit/537.36 (KHTML, like Gecko) Chrome/124.0.0.0 Safari/537.36 SLBrowser/9.0.6.7021 SLBChan/10 SLBVPV/64-bit"
192.168.43.106 - - [31/Aug/2025:16:20:55 +0800] "GET /audio/music.mp3 HTTP/1.1" 404 555 "http://192.168.43.106/game/" "Mozilla/5.0 (Windows NT 10.0; Win64; x64) AppleWebKit/537.36 (KHTML, like Gecko) Chrome/124.0.0.0 Safari/537.36 SLBrowser/9.0.6.7021 SLBChan/10 SLBVPV/64-bit"
192.168.43.106 - - [31/Aug/2025:16:21:28 +0800] "GET /game/ HTTP/1.1" 304 0 "-" "Mozilla/5.0 (Windows NT 10.0; Win64; x64) AppleWebKit/537.36 (KHTML, like Gecko) Chrome/124.0.0.0 Safari/537.36 SLBrowser/9.0.6.7021 SLBChan/10 SLBVPV/64-bit"
192.168.43.106 - - [31/Aug/2025:16:21:28 +0800] "GET /audio/music.mp3 HTTP/1.1" 404 555 "http://192.168.43.106/game/" "Mozilla/5.0 (Windows NT 10.0; Win64; x64) AppleWebKit/537.36 (KHTML, like Gecko) Chrome/124.0.0.0 Safari/537.36 SLBrowser/9.0.6.7021 SLBChan/10 SLBVPV/64-bit"
192.168.43.106 - - [31/Aug/2025:16:23:01 +0800] "GET /game/ HTTP/1.1" 200 44720 "-" "Mozilla/5.0 (Windows NT 10.0; Win64; x64) AppleWebKit/537.36 (KHTML, like Gecko) Chrome/124.0.0.0 Safari/537.36 SLBrowser/9.0.6.7021 SLBChan/10 SLBVPV/64-bit"
192.168.43.106 - - [31/Aug/2025:16:23:01 +0800] "GET /game/audio/music.mp3 HTTP/1.1" 206 8093696 "http://192.168.43.106/game/" "Mozilla/5.0 (Windows NT 10.0; Win64; x64) AppleWebKit/537.36 (KHTML, like Gecko) Chrome/124.0.0.0 Safari/537.36 SLBrowser/9.0.6.7021 SLBChan/10 SLBVPV/64-bit"
192.168.43.106 - - [31/Aug/2025:16:23:03 +0800] "GET /favicon.ico HTTP/1.1" 404 555 "http://192.168.43.106/game/" "Mozilla/5.0 (Windows NT 10.0; Win64; x64) AppleWebKit/537.36 (KHTML, like Gecko) Chrome/124.0.0.0 Safari/537.36 SLBrowser/9.0.6.7021 SLBChan/10 SLBVPV/64-bit"
192.168.43.106 - - [31/Aug/2025:16:23:26 +0800] "GET /game/audio/music.mp3 HTTP/1.1" 206 7528071 "http://192.168.43.106/game/" "Mozilla/5.0 (Windows NT 10.0; Win64; x64) AppleWebKit/537.36 (KHTML, like Gecko) Chrome/124.0.0.0 Safari/537.36 SLBrowser/9.0.6.7021 SLBChan/10 SLBVPV/64-bit"
192.168.43.154 - - [31/Aug/2025:16:23:55 +0800] "GET /game/ HTTP/1.1" 200 44720 "-" "Mozilla/5.0 (Linux; Android 15; V2338A Build/AP3A.240905.015.A2; wv) AppleWebKit/537.36 (KHTML, like Gecko) Version/4.0 Chrome/138.0.7204.180 Mobile Safari/537.36 XWEB/1380143 MMWEBSDK/20250503 MMWEBID/8831 MicroMessenger/8.0.61.2880(0x28003D5B) WeChat/arm64 Weixin NetType/WIFI Language/zh_CN ABI/arm64"
192.168.43.154 - - [31/Aug/2025:16:23:55 +0800] "GET /game/audio/music.mp3 HTTP/1.1" 206 196608 "http://192.168.43.106/game/" "Mozilla/5.0 (Linux; Android 15; V2338A Build/AP3A.240905.015.A2; wv) AppleWebKit/537.36 (KHTML, like Gecko) Version/4.0 Chrome/138.0.7204.180 Mobile Safari/537.36 XWEB/1380143 MMWEBSDK/20250503 MMWEBID/8831 MicroMessenger/8.0.61.2880(0x28003D5B) WeChat/arm64 Weixin NetType/WIFI Language/zh_CN ABI/arm64"
192.168.43.154 - - [31/Aug/2025:16:24:04 +0800] "GET /game/audio/music.mp3 HTTP/1.1" 206 7667712 "http://192.168.43.106/game/" "Mozilla/5.0 (Linux; Android 15; V2338A Build/AP3A.240905.015.A2; wv) AppleWebKit/537.36 (KHTML, like Gecko) Version/4.0 Chrome/138.0.7204.180 Mobile Safari/537.36 XWEB/1380143 MMWEBSDK/20250503 MMWEBID/8831 MicroMessenger/8.0.61.2880(0x28003D5B) WeChat/arm64 Weixin NetType/WIFI Language/zh_CN ABI/arm64"
192.168.0.105 - - [01/Sep/2025:10:18:03 +0800] "GET /game/ HTTP/1.1" 200 44720 "-" "Mozilla/5.0 (Linux; Android 15; V2338A Build/AP3A.240905.015.A2; wv) AppleWebKit/537.36 (KHTML, like Gecko) Version/4.0 Chrome/138.0.7204.180 Mobile Safari/537.36 XWEB/1380143 MMWEBSDK/20250503 MMWEBID/8831 MicroMessenger/8.0.61.2880(0x28003D5B) WeChat/arm64 Weixin NetType/WIFI Language/zh_CN ABI/arm64"
192.168.0.105 - - [01/Sep/2025:10:18:06 +0800] "GET /favicon.ico HTTP/1.1" 404 555 "http://192.168.0.110/game/" "Mozilla/5.0 (Linux; Android 15; V2338A Build/AP3A.240905.015.A2; wv) AppleWebKit/537.36 (KHTML, like Gecko) Version/4.0 Chrome/138.0.7204.180 Mobile Safari/537.36 XWEB/1380143 MMWEBSDK/20250503 MMWEBID/8831 MicroMessenger/8.0.61.2880(0x28003D5B) WeChat/arm64 Weixin NetType/WIFI Language/zh_CN ABI/arm64"
192.168.0.105 - - [01/Sep/2025:10:18:30 +0800] "GET /game/audio/music.mp3 HTTP/1.1" 206 7798784 "http://192.168.0.110/game/" "Mozilla/5.0 (Linux; Android 15; V2338A Build/AP3A.240905.015.A2; wv) AppleWebKit/537.36 (KHTML, like Gecko) Version/4.0 Chrome/138.0.7204.180 Mobile Safari/537.36 XWEB/1380143 MMWEBSDK/20250503 MMWEBID/8831 MicroMessenger/8.0.61.2880(0x28003D5B) WeChat/arm64 Weixin NetType/WIFI Language/zh_CN ABI/arm64"
192.168.0.105 - - [01/Sep/2025:10:18:37 +0800] "GET /english/ HTTP/1.1" 200 12462 "-" "Mozilla/5.0 (Linux; Android 15; V2338A Build/AP3A.240905.015.A2; wv) AppleWebKit/537.36 (KHTML, like Gecko) Version/4.0 Chrome/138.0.7204.180 Mobile Safari/537.36 XWEB/1380143 MMWEBSDK/20250503 MMWEBID/8831 MicroMessenger/8.0.61.2880(0x28003D5B) WeChat/arm64 Weixin NetType/WIFI Language/zh_CN ABI/arm64"
192.168.0.105 - - [01/Sep/2025:10:18:38 +0800] "GET /favicon.ico HTTP/1.1" 404 555 "http://192.168.0.110/english/" "Mozilla/5.0 (Linux; Android 15; V2338A Build/AP3A.240905.015.A2; wv) AppleWebKit/537.36 (KHTML, like Gecko) Version/4.0 Chrome/138.0.7204.180 Mobile Safari/537.36 XWEB/1380143 MMWEBSDK/20250503 MMWEBID/8831 MicroMessenger/8.0.61.2880(0x28003D5B) WeChat/arm64 Weixin NetType/WIFI Language/zh_CN ABI/arm64"
192.168.0.105 - - [01/Sep/2025:10:33:34 +0800] "GET /recite/ HTTP/1.1" 200 60066 "-" "Mozilla/5.0 (Linux; Android 10; K) AppleWebKit/537.36 (KHTML, like Gecko) Chrome/130.0.0.0 Mobile Safari/537.36"
192.168.0.105 - - [01/Sep/2025:10:33:35 +0800] "GET /favicon.ico HTTP/1.1" 404 555 "http://192.168.0.110/recite/" "Mozilla/5.0 (Linux; Android 10; K) AppleWebKit/537.36 (KHTML, like Gecko) Chrome/130.0.0.0 Mobile Safari/537.36"
192.168.0.105 - - [01/Sep/2025:11:33:16 +0800] "GET /game/ HTTP/1.1" 200 44720 "-" "Mozilla/5.0 (Linux; Android 15; V2338A) AppleWebKit/537.36 (KHTML, like Gecko) Chrome/131.0.6778.200 Mobile Safari/537.36 VivoBrowser/26.0.0.0"
192.168.0.105 - - [01/Sep/2025:11:33:16 +0800] "GET /game/audio/music.mp3 HTTP/1.1" 206 196608 "http://192.168.0.110/game/" "Mozilla/5.0 (Linux; Android 15; V2338A) AppleWebKit/537.36 (KHTML, like Gecko) Chrome/131.0.6778.200 Mobile Safari/537.36 VivoBrowser/26.0.0.0"
192.168.0.105 - - [01/Sep/2025:11:33:17 +0800] "GET /favicon.ico HTTP/1.1" 404 555 "http://192.168.0.110/game/" "Mozilla/5.0 (Linux; Android 15; V2338A) AppleWebKit/537.36 (KHTML, like Gecko) Chrome/131.0.6778.200 Mobile Safari/537.36 VivoBrowser/26.0.0.0"
192.168.0.105 - - [01/Sep/2025:11:34:36 +0800] "GET /game/audio/music.mp3 HTTP/1.1" 200 7208960 "-" "Mozilla/5.0 (Linux; Android 15; V2338A; wv) AppleWebKit/537.36 (KHTML, like Gecko) Version/4.0 Chrome/131.0.6778.200 Mobile Safari/537.36"
192.168.43.154 - - [01/Sep/2025:13:26:13 +0800] "GET /english HTTP/1.1" 301 169 "-" "Mozilla/5.0 (Linux; Android 15; V2338A Build/AP3A.240905.015.A2; wv) AppleWebKit/537.36 (KHTML, like Gecko) Version/4.0 Chrome/138.0.7204.180 Mobile Safari/537.36 XWEB/1380143 MMWEBSDK/20250503 MMWEBID/8831 MicroMessenger/8.0.61.2880(0x28003D5B) WeChat/arm64 Weixin NetType/WIFI Language/zh_CN ABI/arm64"
192.168.43.154 - - [01/Sep/2025:13:26:13 +0800] "GET /english/ HTTP/1.1" 200 12462 "-" "Mozilla/5.0 (Linux; Android 15; V2338A Build/AP3A.240905.015.A2; wv) AppleWebKit/537.36 (KHTML, like Gecko) Version/4.0 Chrome/138.0.7204.180 Mobile Safari/537.36 XWEB/1380143 MMWEBSDK/20250503 MMWEBID/8831 MicroMessenger/8.0.61.2880(0x28003D5B) WeChat/arm64 Weixin NetType/WIFI Language/zh_CN ABI/arm64"
192.168.43.154 - - [01/Sep/2025:13:26:13 +0800] "GET /favicon.ico HTTP/1.1" 404 555 "http://192.168.43.106/english/" "Mozilla/5.0 (Linux; Android 15; V2338A Build/AP3A.240905.015.A2; wv) AppleWebKit/537.36 (KHTML, like Gecko) Version/4.0 Chrome/138.0.7204.180 Mobile Safari/537.36 XWEB/1380143 MMWEBSDK/20250503 MMWEBID/8831 MicroMessenger/8.0.61.2880(0x28003D5B) WeChat/arm64 Weixin NetType/WIFI Language/zh_CN ABI/arm64"
192.168.43.154 - - [01/Sep/2025:13:44:58 +0800] "GET /english/ HTTP/1.1" 304 0 "-" "Mozilla/5.0 (Linux; Android 15; V2338A Build/AP3A.240905.015.A2; wv) AppleWebKit/537.36 (KHTML, like Gecko) Version/4.0 Chrome/138.0.7204.180 Mobile Safari/537.36 XWEB/1380143 MMWEBSDK/20250503 MMWEBID/8831 MicroMessenger/8.0.61.2880(0x28003D5B) WeChat/arm64 Weixin NetType/WIFI Language/zh_CN ABI/arm64"
192.168.43.154 - - [01/Sep/2025:13:44:58 +0800] "GET /favicon.ico HTTP/1.1" 404 555 "http://192.168.43.106/english/" "Mozilla/5.0 (Linux; Android 15; V2338A Build/AP3A.240905.015.A2; wv) AppleWebKit/537.36 (KHTML, like Gecko) Version/4.0 Chrome/138.0.7204.180 Mobile Safari/537.36 XWEB/1380143 MMWEBSDK/20250503 MMWEBID/8831 MicroMessenger/8.0.61.2880(0x28003D5B) WeChat/arm64 Weixin NetType/WIFI Language/zh_CN ABI/arm64"
192.168.43.154 - - [01/Sep/2025:14:08:52 +0800] "GET /english/ HTTP/1.1" 304 0 "-" "Mozilla/5.0 (Linux; Android 15; V2338A Build/AP3A.240905.015.A2; wv) AppleWebKit/537.36 (KHTML, like Gecko) Version/4.0 Chrome/138.0.7204.180 Mobile Safari/537.36 XWEB/1380143 MMWEBSDK/20250503 MMWEBID/8831 MicroMessenger/8.0.61.2880(0x28003D5B) WeChat/arm64 Weixin NetType/WIFI Language/zh_CN ABI/arm64"
192.168.43.154 - - [01/Sep/2025:14:08:52 +0800] "GET /favicon.ico HTTP/1.1" 404 555 "http://192.168.43.106/english/" "Mozilla/5.0 (Linux; Android 15; V2338A Build/AP3A.240905.015.A2; wv) AppleWebKit/537.36 (KHTML, like Gecko) Version/4.0 Chrome/138.0.7204.180 Mobile Safari/537.36 XWEB/1380143 MMWEBSDK/20250503 MMWEBID/8831 MicroMessenger/8.0.61.2880(0x28003D5B) WeChat/arm64 Weixin NetType/WIFI Language/zh_CN ABI/arm64"
192.168.43.106 - - [01/Sep/2025:14:37:22 +0800] "GET /english HTTP/1.1" 301 169 "-" "Mozilla/5.0 (Windows NT 10.0; Win64; x64) AppleWebKit/537.36 (KHTML, like Gecko) Chrome/132.0.0.0 Safari/537.36 NetType/WIFI MicroMessenger/7.0.20.1781(0x6700143B) WindowsWechat(0x63090a13) UnifiedPCWindowsWechat(0xf254100e) XWEB/16283 Flue"
192.168.43.106 - - [01/Sep/2025:14:37:23 +0800] "GET /english/ HTTP/1.1" 200 12462 "-" "Mozilla/5.0 (Windows NT 10.0; Win64; x64) AppleWebKit/537.36 (KHTML, like Gecko) Chrome/132.0.0.0 Safari/537.36 NetType/WIFI MicroMessenger/7.0.20.1781(0x6700143B) WindowsWechat(0x63090a13) UnifiedPCWindowsWechat(0xf254100e) XWEB/16283 Flue"
192.168.43.106 - - [01/Sep/2025:14:37:23 +0800] "GET /favicon.ico HTTP/1.1" 404 555 "http://192.168.43.106/english/" "Mozilla/5.0 (Windows NT 10.0; Win64; x64) AppleWebKit/537.36 (KHTML, like Gecko) Chrome/132.0.0.0 Safari/537.36 NetType/WIFI MicroMessenger/7.0.20.1781(0x6700143B) WindowsWechat(0x63090a13) UnifiedPCWindowsWechat(0xf254100e) XWEB/16283 Flue"
192.168.43.106 - - [01/Sep/2025:15:36:30 +0800] "GET /option HTTP/1.1" 301 169 "-" "Mozilla/5.0 (Windows NT 10.0; Win64; x64) AppleWebKit/537.36 (KHTML, like Gecko) Chrome/132.0.0.0 Safari/537.36 NetType/WIFI MicroMessenger/7.0.20.1781(0x6700143B) WindowsWechat(0x63090a13) UnifiedPCWindowsWechat(0xf254100e) XWEB/16283 Flue"
192.168.43.106 - - [01/Sep/2025:15:36:31 +0800] "GET /option/ HTTP/1.1" 200 28808 "-" "Mozilla/5.0 (Windows NT 10.0; Win64; x64) AppleWebKit/537.36 (KHTML, like Gecko) Chrome/132.0.0.0 Safari/537.36 NetType/WIFI MicroMessenger/7.0.20.1781(0x6700143B) WindowsWechat(0x63090a13) UnifiedPCWindowsWechat(0xf254100e) XWEB/16283 Flue"
192.168.43.106 - - [01/Sep/2025:16:01:03 +0800] "GET /game HTTP/1.1" 301 169 "-" "Mozilla/5.0 (Windows NT 10.0; Win64; x64) AppleWebKit/537.36 (KHTML, like Gecko) Chrome/132.0.0.0 Safari/537.36 NetType/WIFI MicroMessenger/7.0.20.1781(0x6700143B) WindowsWechat(0x63090a13) UnifiedPCWindowsWechat(0xf254100e) XWEB/16283 Flue"
192.168.43.106 - - [01/Sep/2025:16:01:04 +0800] "GET /game/ HTTP/1.1" 200 44720 "-" "Mozilla/5.0 (Windows NT 10.0; Win64; x64) AppleWebKit/537.36 (KHTML, like Gecko) Chrome/132.0.0.0 Safari/537.36 NetType/WIFI MicroMessenger/7.0.20.1781(0x6700143B) WindowsWechat(0x63090a13) UnifiedPCWindowsWechat(0xf254100e) XWEB/16283 Flue"
192.168.43.106 - - [01/Sep/2025:16:01:04 +0800] "GET /game/audio/music.mp3 HTTP/1.1" 206 4358144 "http://192.168.43.106/game/" "Mozilla/5.0 (Windows NT 10.0; Win64; x64) AppleWebKit/537.36 (KHTML, like Gecko) Chrome/132.0.0.0 Safari/537.36 NetType/WIFI MicroMessenger/7.0.20.1781(0x6700143B) WindowsWechat(0x63090a13) UnifiedPCWindowsWechat(0xf254100e) XWEB/16283 Flue"
192.168.43.106 - - [01/Sep/2025:16:01:53 +0800] "GET /game/audio/music.mp3 HTTP/1.1" 206 6782976 "http://192.168.43.106/game/" "Mozilla/5.0 (Windows NT 10.0; Win64; x64) AppleWebKit/537.36 (KHTML, like Gecko) Chrome/132.0.0.0 Safari/537.36 NetType/WIFI MicroMessenger/7.0.20.1781(0x6700143B) WindowsWechat(0x63090a13) UnifiedPCWindowsWechat(0xf254100e) XWEB/16283 Flue"
192.168.0.105 - - [02/Sep/2025:10:04:29 +0800] "GET /option HTTP/1.1" 301 169 "-" "Mozilla/5.0 (Windows NT 10.0; Win64; x64) AppleWebKit/537.36 (KHTML, like Gecko) Chrome/132.0.0.0 Safari/537.36 NetType/WIFI MicroMessenger/7.0.20.1781(0x6700143B) WindowsWechat(0x63090a13) UnifiedPCWindowsWechat(0xf254101e) XWEB/16389 Flue"
192.168.0.105 - - [02/Sep/2025:10:04:30 +0800] "GET /option/ HTTP/1.1" 200 28914 "-" "Mozilla/5.0 (Windows NT 10.0; Win64; x64) AppleWebKit/537.36 (KHTML, like Gecko) Chrome/132.0.0.0 Safari/537.36 NetType/WIFI MicroMessenger/7.0.20.1781(0x6700143B) WindowsWechat(0x63090a13) UnifiedPCWindowsWechat(0xf254101e) XWEB/16389 Flue"
192.168.0.105 - - [02/Sep/2025:10:04:30 +0800] "GET /favicon.ico HTTP/1.1" 404 555 "http://192.168.0.105/option/" "Mozilla/5.0 (Windows NT 10.0; Win64; x64) AppleWebKit/537.36 (KHTML, like Gecko) Chrome/132.0.0.0 Safari/537.36 NetType/WIFI MicroMessenger/7.0.20.1781(0x6700143B) WindowsWechat(0x63090a13) UnifiedPCWindowsWechat(0xf254101e) XWEB/16389 Flue"
192.168.0.105 - - [02/Sep/2025:10:32:43 +0800] "GET /recite HTTP/1.1" 301 169 "-" "Mozilla/5.0 (Windows NT 10.0; Win64; x64) AppleWebKit/537.36 (KHTML, like Gecko) Chrome/132.0.0.0 Safari/537.36 NetType/WIFI MicroMessenger/7.0.20.1781(0x6700143B) WindowsWechat(0x63090a13) UnifiedPCWindowsWechat(0xf254101e) XWEB/16389 Flue"
192.168.0.105 - - [02/Sep/2025:10:32:44 +0800] "GET /recite/ HTTP/1.1" 200 60178 "-" "Mozilla/5.0 (Windows NT 10.0; Win64; x64) AppleWebKit/537.36 (KHTML, like Gecko) Chrome/132.0.0.0 Safari/537.36 NetType/WIFI MicroMessenger/7.0.20.1781(0x6700143B) WindowsWechat(0x63090a13) UnifiedPCWindowsWechat(0xf254101e) XWEB/16389 Flue"
192.168.0.104 - - [02/Sep/2025:10:32:58 +0800] "GET /recite HTTP/1.1" 301 169 "-" "Mozilla/5.0 (Linux; Android 15; V2338A Build/AP3A.240905.015.A2; wv) AppleWebKit/537.36 (KHTML, like Gecko) Version/4.0 Chrome/138.0.7204.180 Mobile Safari/537.36 XWEB/1380143 MMWEBSDK/20250503 MMWEBID/8831 MicroMessenger/8.0.61.2880(0x28003D5B) WeChat/arm64 Weixin NetType/WIFI Language/zh_CN ABI/arm64"
192.168.0.104 - - [02/Sep/2025:10:32:58 +0800] "GET /recite/ HTTP/1.1" 200 60178 "-" "Mozilla/5.0 (Linux; Android 15; V2338A Build/AP3A.240905.015.A2; wv) AppleWebKit/537.36 (KHTML, like Gecko) Version/4.0 Chrome/138.0.7204.180 Mobile Safari/537.36 XWEB/1380143 MMWEBSDK/20250503 MMWEBID/8831 MicroMessenger/8.0.61.2880(0x28003D5B) WeChat/arm64 Weixin NetType/WIFI Language/zh_CN ABI/arm64"
192.168.0.104 - - [02/Sep/2025:10:33:00 +0800] "GET /favicon.ico HTTP/1.1" 404 555 "http://192.168.0.105/recite/" "Mozilla/5.0 (Linux; Android 15; V2338A Build/AP3A.240905.015.A2; wv) AppleWebKit/537.36 (KHTML, like Gecko) Version/4.0 Chrome/138.0.7204.180 Mobile Safari/537.36 XWEB/1380143 MMWEBSDK/20250503 MMWEBID/8831 MicroMessenger/8.0.61.2880(0x28003D5B) WeChat/arm64 Weixin NetType/WIFI Language/zh_CN ABI/arm64"
192.168.0.105 - - [02/Sep/2025:10:51:30 +0800] "GET /recite HTTP/1.1" 301 169 "-" "Mozilla/5.0 (Windows NT 10.0; Win64; x64) AppleWebKit/537.36 (KHTML, like Gecko) Chrome/139.0.0.0 Safari/537.36"
192.168.0.105 - - [02/Sep/2025:10:51:30 +0800] "GET /recite/ HTTP/1.1" 200 60178 "-" "Mozilla/5.0 (Windows NT 10.0; Win64; x64) AppleWebKit/537.36 (KHTML, like Gecko) Chrome/139.0.0.0 Safari/537.36"
192.168.0.105 - - [02/Sep/2025:10:51:32 +0800] "GET /favicon.ico HTTP/1.1" 404 555 "http://192.168.0.105/recite/" "Mozilla/5.0 (Windows NT 10.0; Win64; x64) AppleWebKit/537.36 (KHTML, like Gecko) Chrome/139.0.0.0 Safari/537.36"
192.168.0.105 - - [02/Sep/2025:10:52:02 +0800] "GET /recite/ HTTP/1.1" 304 0 "-" "Mozilla/5.0 (Windows NT 10.0; Win64; x64) AppleWebKit/537.36 (KHTML, like Gecko) Chrome/139.0.0.0 Safari/537.36"
192.168.0.105 - - [02/Sep/2025:10:52:13 +0800] "GET /recite HTTP/1.1" 301 169 "-" "Mozilla/5.0 (Windows NT 10.0; Win64; x64) AppleWebKit/537.36 (KHTML, like Gecko) Chrome/139.0.0.0 Safari/537.36 Edg/139.0.0.0"
192.168.0.105 - - [02/Sep/2025:10:52:13 +0800] "GET /recite/ HTTP/1.1" 200 60178 "-" "Mozilla/5.0 (Windows NT 10.0; Win64; x64) AppleWebKit/537.36 (KHTML, like Gecko) Chrome/139.0.0.0 Safari/537.36 Edg/139.0.0.0"
192.168.0.105 - - [02/Sep/2025:10:52:15 +0800] "GET /favicon.ico HTTP/1.1" 404 555 "http://192.168.0.105/recite/" "Mozilla/5.0 (Windows NT 10.0; Win64; x64) AppleWebKit/537.36 (KHTML, like Gecko) Chrome/139.0.0.0 Safari/537.36 Edg/139.0.0.0"
192.168.0.104 - - [02/Sep/2025:11:12:51 +0800] "GET /recite/ HTTP/1.1" 200 60178 "-" "Mozilla/5.0 (Linux; Android 15; V2338A Build/AP3A.240905.015.A2; wv) AppleWebKit/537.36 (KHTML, like Gecko) Version/4.0 Chrome/138.0.7204.180 Mobile Safari/537.36 XWEB/1380143 MMWEBSDK/20250503 MMWEBID/8831 MicroMessenger/8.0.61.2880(0x28003D5B) WeChat/arm64 Weixin NetType/WIFI Language/zh_CN ABI/arm64"
192.168.0.104 - - [02/Sep/2025:11:12:51 +0800] "GET /favicon.ico HTTP/1.1" 404 555 "http://192.168.0.105/recite/" "Mozilla/5.0 (Linux; Android 15; V2338A Build/AP3A.240905.015.A2; wv) AppleWebKit/537.36 (KHTML, like Gecko) Version/4.0 Chrome/138.0.7204.180 Mobile Safari/537.36 XWEB/1380143 MMWEBSDK/20250503 MMWEBID/8831 MicroMessenger/8.0.61.2880(0x28003D5B) WeChat/arm64 Weixin NetType/WIFI Language/zh_CN ABI/arm64"
192.168.0.104 - - [02/Sep/2025:11:14:38 +0800] "GET /recite HTTP/1.1" 301 169 "-" "Mozilla/5.0 (Linux; Android 10; K) AppleWebKit/537.36 (KHTML, like Gecko) Chrome/130.0.0.0 Mobile Safari/537.36"
192.168.0.104 - - [02/Sep/2025:11:14:38 +0800] "GET /recite/ HTTP/1.1" 200 60178 "-" "Mozilla/5.0 (Linux; Android 10; K) AppleWebKit/537.36 (KHTML, like Gecko) Chrome/130.0.0.0 Mobile Safari/537.36"
192.168.0.104 - - [02/Sep/2025:11:14:40 +0800] "GET /favicon.ico HTTP/1.1" 404 555 "http://192.168.0.105/recite/" "Mozilla/5.0 (Linux; Android 10; K) AppleWebKit/537.36 (KHTML, like Gecko) Chrome/130.0.0.0 Mobile Safari/537.36"
192.168.43.154 - - [02/Sep/2025:14:08:02 +0800] "GET /english/ HTTP/1.1" 200 12800 "-" "Mozilla/5.0 (Linux; Android 15; V2338A Build/AP3A.240905.015.A2; wv) AppleWebKit/537.36 (KHTML, like Gecko) Version/4.0 Chrome/138.0.7204.180 Mobile Safari/537.36 XWEB/1380143 MMWEBSDK/20250503 MMWEBID/8831 MicroMessenger/8.0.61.2880(0x28003D5B) WeChat/arm64 Weixin NetType/5G Language/zh_CN ABI/arm64"
192.168.43.154 - - [02/Sep/2025:14:08:02 +0800] "GET /favicon.ico HTTP/1.1" 404 555 "http://192.168.43.106/english/" "Mozilla/5.0 (Linux; Android 15; V2338A Build/AP3A.240905.015.A2; wv) AppleWebKit/537.36 (KHTML, like Gecko) Version/4.0 Chrome/138.0.7204.180 Mobile Safari/537.36 XWEB/1380143 MMWEBSDK/20250503 MMWEBID/8831 MicroMessenger/8.0.61.2880(0x28003D5B) WeChat/arm64 Weixin NetType/5G Language/zh_CN ABI/arm64"
192.168.43.154 - - [02/Sep/2025:14:08:13 +0800] "GET /english/ HTTP/1.1" 200 12800 "-" "Mozilla/5.0 (Linux; Android 15; V2338A Build/AP3A.240905.015.A2; wv) AppleWebKit/537.36 (KHTML, like Gecko) Version/4.0 Chrome/138.0.7204.180 Mobile Safari/537.36 XWEB/1380143 MMWEBSDK/20250503 MMWEBID/8831 MicroMessenger/8.0.61.2880(0x28003D5B) WeChat/arm64 Weixin NetType/5G Language/zh_CN ABI/arm64"
192.168.43.154 - - [02/Sep/2025:14:08:13 +0800] "GET /favicon.ico HTTP/1.1" 404 555 "http://192.168.43.106/english/" "Mozilla/5.0 (Linux; Android 15; V2338A Build/AP3A.240905.015.A2; wv) AppleWebKit/537.36 (KHTML, like Gecko) Version/4.0 Chrome/138.0.7204.180 Mobile Safari/537.36 XWEB/1380143 MMWEBSDK/20250503 MMWEBID/8831 MicroMessenger/8.0.61.2880(0x28003D5B) WeChat/arm64 Weixin NetType/5G Language/zh_CN ABI/arm64"
192.168.43.106 - - [02/Sep/2025:14:08:38 +0800] "GET /english HTTP/1.1" 301 169 "-" "Mozilla/5.0 (Windows NT 10.0; Win64; x64) AppleWebKit/537.36 (KHTML, like Gecko) Chrome/132.0.0.0 Safari/537.36 NetType/WIFI MicroMessenger/7.0.20.1781(0x6700143B) WindowsWechat(0x63090a13) UnifiedPCWindowsWechat(0xf254101e) XWEB/16389 Flue"
192.168.43.106 - - [02/Sep/2025:14:08:38 +0800] "GET /english/ HTTP/1.1" 200 12800 "-" "Mozilla/5.0 (Windows NT 10.0; Win64; x64) AppleWebKit/537.36 (KHTML, like Gecko) Chrome/132.0.0.0 Safari/537.36 NetType/WIFI MicroMessenger/7.0.20.1781(0x6700143B) WindowsWechat(0x63090a13) UnifiedPCWindowsWechat(0xf254101e) XWEB/16389 Flue"
192.168.43.106 - - [02/Sep/2025:14:08:38 +0800] "GET /favicon.ico HTTP/1.1" 404 555 "http://192.168.43.106/english/" "Mozilla/5.0 (Windows NT 10.0; Win64; x64) AppleWebKit/537.36 (KHTML, like Gecko) Chrome/132.0.0.0 Safari/537.36 NetType/WIFI MicroMessenger/7.0.20.1781(0x6700143B) WindowsWechat(0x63090a13) UnifiedPCWindowsWechat(0xf254101e) XWEB/16389 Flue"
192.168.43.106 - - [02/Sep/2025:15:08:13 +0800] "GET /recite HTTP/1.1" 301 169 "-" "Mozilla/5.0 (Windows NT 10.0; Win64; x64) AppleWebKit/537.36 (KHTML, like Gecko) Chrome/139.0.0.0 Safari/537.36 Edg/139.0.0.0"
192.168.43.106 - - [02/Sep/2025:15:08:13 +0800] "GET /recite/ HTTP/1.1" 200 60178 "-" "Mozilla/5.0 (Windows NT 10.0; Win64; x64) AppleWebKit/537.36 (KHTML, like Gecko) Chrome/139.0.0.0 Safari/537.36 Edg/139.0.0.0"
192.168.43.106 - - [02/Sep/2025:15:08:15 +0800] "GET /favicon.ico HTTP/1.1" 404 555 "http://192.168.43.106/recite/" "Mozilla/5.0 (Windows NT 10.0; Win64; x64) AppleWebKit/537.36 (KHTML, like Gecko) Chrome/139.0.0.0 Safari/537.36 Edg/139.0.0.0"
192.168.43.106 - - [02/Sep/2025:16:19:28 +0800] "GET /option HTTP/1.1" 301 169 "-" "Mozilla/5.0 (Windows NT 10.0; Win64; x64) AppleWebKit/537.36 (KHTML, like Gecko) Chrome/132.0.0.0 Safari/537.36 NetType/WIFI MicroMessenger/7.0.20.1781(0x6700143B) WindowsWechat(0x63090a13) UnifiedPCWindowsWechat(0xf254101e) XWEB/16389 Flue"
192.168.43.106 - - [02/Sep/2025:16:19:29 +0800] "GET /option/ HTTP/1.1" 200 28914 "-" "Mozilla/5.0 (Windows NT 10.0; Win64; x64) AppleWebKit/537.36 (KHTML, like Gecko) Chrome/132.0.0.0 Safari/537.36 NetType/WIFI MicroMessenger/7.0.20.1781(0x6700143B) WindowsWechat(0x63090a13) UnifiedPCWindowsWechat(0xf254101e) XWEB/16389 Flue"
192.168.0.103 - - [02/Sep/2025:18:26:31 +0800] "GET /recite HTTP/1.1" 301 169 "-" "Mozilla/5.0 (Linux; Android 10; K) AppleWebKit/537.36 (KHTML, like Gecko) Chrome/139.0.0.0 Mobile Safari/537.36 EdgA/139.0.0.0"
192.168.0.103 - - [02/Sep/2025:18:26:31 +0800] "GET /recite/ HTTP/1.1" 200 60178 "-" "Mozilla/5.0 (Linux; Android 10; K) AppleWebKit/537.36 (KHTML, like Gecko) Chrome/139.0.0.0 Mobile Safari/537.36 EdgA/139.0.0.0"
192.168.0.103 - - [02/Sep/2025:18:26:32 +0800] "GET /favicon.ico HTTP/1.1" 404 555 "http://192.168.0.105/recite/" "Mozilla/5.0 (Linux; Android 10; K) AppleWebKit/537.36 (KHTML, like Gecko) Chrome/139.0.0.0 Mobile Safari/537.36 EdgA/139.0.0.0"
192.168.0.103 - - [02/Sep/2025:18:27:17 +0800] "GET /english HTTP/1.1" 301 169 "-" "Mozilla/5.0 (Linux; Android 15; V2338A Build/AP3A.240905.015.A2; wv) AppleWebKit/537.36 (KHTML, like Gecko) Version/4.0 Chrome/138.0.7204.180 Mobile Safari/537.36 XWEB/1380143 MMWEBSDK/20250503 MMWEBID/8831 MicroMessenger/8.0.61.2880(0x28003D5B) WeChat/arm64 Weixin NetType/WIFI Language/zh_CN ABI/arm64"
192.168.0.103 - - [02/Sep/2025:18:27:17 +0800] "GET /english/ HTTP/1.1" 200 12858 "-" "Mozilla/5.0 (Linux; Android 15; V2338A Build/AP3A.240905.015.A2; wv) AppleWebKit/537.36 (KHTML, like Gecko) Version/4.0 Chrome/138.0.7204.180 Mobile Safari/537.36 XWEB/1380143 MMWEBSDK/20250503 MMWEBID/8831 MicroMessenger/8.0.61.2880(0x28003D5B) WeChat/arm64 Weixin NetType/WIFI Language/zh_CN ABI/arm64"
192.168.0.103 - - [02/Sep/2025:18:27:17 +0800] "GET /favicon.ico HTTP/1.1" 404 555 "http://192.168.0.105/english/" "Mozilla/5.0 (Linux; Android 15; V2338A Build/AP3A.240905.015.A2; wv) AppleWebKit/537.36 (KHTML, like Gecko) Version/4.0 Chrome/138.0.7204.180 Mobile Safari/537.36 XWEB/1380143 MMWEBSDK/20250503 MMWEBID/8831 MicroMessenger/8.0.61.2880(0x28003D5B) WeChat/arm64 Weixin NetType/WIFI Language/zh_CN ABI/arm64"
192.168.0.103 - - [02/Sep/2025:23:22:39 +0800] "GET /english/ HTTP/1.1" 200 12858 "-" "Mozilla/5.0 (Linux; Android 15; V2338A Build/AP3A.240905.015.A2; wv) AppleWebKit/537.36 (KHTML, like Gecko) Version/4.0 Chrome/138.0.7204.180 Mobile Safari/537.36 XWEB/1380143 MMWEBSDK/20250503 MMWEBID/8831 MicroMessenger/8.0.61.2880(0x28003D5B) WeChat/arm64 Weixin NetType/WIFI Language/zh_CN ABI/arm64"
192.168.0.103 - - [02/Sep/2025:23:22:40 +0800] "GET /favicon.ico HTTP/1.1" 404 555 "http://192.168.0.105/english/" "Mozilla/5.0 (Linux; Android 15; V2338A Build/AP3A.240905.015.A2; wv) AppleWebKit/537.36 (KHTML, like Gecko) Version/4.0 Chrome/138.0.7204.180 Mobile Safari/537.36 XWEB/1380143 MMWEBSDK/20250503 MMWEBID/8831 MicroMessenger/8.0.61.2880(0x28003D5B) WeChat/arm64 Weixin NetType/WIFI Language/zh_CN ABI/arm64"
192.168.0.103 - - [02/Sep/2025:23:29:17 +0800] "GET /recite/ HTTP/1.1" 200 60178 "-" "Mozilla/5.0 (Linux; Android 10; K) AppleWebKit/537.36 (KHTML, like Gecko) Chrome/130.0.0.0 Mobile Safari/537.36"
192.168.0.103 - - [02/Sep/2025:23:29:17 +0800] "GET /favicon.ico HTTP/1.1" 404 555 "http://192.168.0.105/recite/" "Mozilla/5.0 (Linux; Android 10; K) AppleWebKit/537.36 (KHTML, like Gecko) Chrome/130.0.0.0 Mobile Safari/537.36"
192.168.0.105 - - [02/Sep/2025:23:44:48 +0800] "GET /recite/ HTTP/1.1" 200 60178 "-" "Mozilla/5.0 (Windows NT 10.0; Win64; x64) AppleWebKit/537.36 (KHTML, like Gecko) Chrome/139.0.0.0 Safari/537.36 Edg/139.0.0.0"
192.168.0.105 - - [02/Sep/2025:23:44:48 +0800] "GET /favicon.ico HTTP/1.1" 404 555 "http://192.168.0.105/recite/" "Mozilla/5.0 (Windows NT 10.0; Win64; x64) AppleWebKit/537.36 (KHTML, like Gecko) Chrome/139.0.0.0 Safari/537.36 Edg/139.0.0.0"
127.0.0.1 - - [03/Sep/2025:11:11:26 +0800] "GET /option HTTP/1.1" 301 169 "-" "Mozilla/5.0 (Windows NT 10.0; Win64; x64) AppleWebKit/537.36 (KHTML, like Gecko) Chrome/139.0.0.0 Safari/537.36"
127.0.0.1 - - [03/Sep/2025:11:11:26 +0800] "GET /option/ HTTP/1.1" 200 29020 "-" "Mozilla/5.0 (Windows NT 10.0; Win64; x64) AppleWebKit/537.36 (KHTML, like Gecko) Chrome/139.0.0.0 Safari/537.36"
127.0.0.1 - - [03/Sep/2025:11:11:26 +0800] "GET /favicon.ico HTTP/1.1" 404 555 "http://localhost/option/" "Mozilla/5.0 (Windows NT 10.0; Win64; x64) AppleWebKit/537.36 (KHTML, like Gecko) Chrome/139.0.0.0 Safari/537.36"
192.168.0.104 - - [03/Sep/2025:11:54:56 +0800] "GET /option HTTP/1.1" 301 169 "-" "Mozilla/5.0 (Linux; Android 10; K) AppleWebKit/537.36 (KHTML, like Gecko) Chrome/130.0.0.0 Mobile Safari/537.36"
192.168.0.104 - - [03/Sep/2025:11:54:56 +0800] "GET /option/ HTTP/1.1" 200 29020 "-" "Mozilla/5.0 (Linux; Android 10; K) AppleWebKit/537.36 (KHTML, like Gecko) Chrome/130.0.0.0 Mobile Safari/537.36"
192.168.0.104 - - [03/Sep/2025:11:54:56 +0800] "GET /favicon.ico HTTP/1.1" 404 555 "http://192.168.0.107/option/" "Mozilla/5.0 (Linux; Android 10; K) AppleWebKit/537.36 (KHTML, like Gecko) Chrome/130.0.0.0 Mobile Safari/537.36"
192.168.0.104 - - [03/Sep/2025:11:54:59 +0800] "GET /option/ HTTP/1.1" 304 0 "-" "Mozilla/5.0 (Linux; Android 10; K) AppleWebKit/537.36 (KHTML, like Gecko) Chrome/130.0.0.0 Mobile Safari/537.36"
192.168.0.104 - - [03/Sep/2025:11:55:09 +0800] "GET /recite HTTP/1.1" 301 169 "-" "Mozilla/5.0 (Linux; Android 10; K) AppleWebKit/537.36 (KHTML, like Gecko) Chrome/130.0.0.0 Mobile Safari/537.36"
192.168.0.104 - - [03/Sep/2025:11:55:09 +0800] "GET /recite/ HTTP/1.1" 200 60178 "-" "Mozilla/5.0 (Linux; Android 10; K) AppleWebKit/537.36 (KHTML, like Gecko) Chrome/130.0.0.0 Mobile Safari/537.36"
127.0.0.1 - - [03/Sep/2025:14:49:09 +0800] "GET /option/ HTTP/1.1" 200 29020 "-" "Mozilla/5.0 (Windows NT 10.0; Win64; x64) AppleWebKit/537.36 (KHTML, like Gecko) Chrome/139.0.0.0 Safari/537.36"
127.0.0.1 - - [03/Sep/2025:14:49:09 +0800] "GET /favicon.ico HTTP/1.1" 404 555 "http://localhost/option/" "Mozilla/5.0 (Windows NT 10.0; Win64; x64) AppleWebKit/537.36 (KHTML, like Gecko) Chrome/139.0.0.0 Safari/537.36"
127.0.0.1 - - [03/Sep/2025:14:49:17 +0800] "GET /english HTTP/1.1" 301 169 "-" "Mozilla/5.0 (Windows NT 10.0; Win64; x64) AppleWebKit/537.36 (KHTML, like Gecko) Chrome/139.0.0.0 Safari/537.36"
127.0.0.1 - - [03/Sep/2025:14:49:17 +0800] "GET /english/ HTTP/1.1" 200 12858 "-" "Mozilla/5.0 (Windows NT 10.0; Win64; x64) AppleWebKit/537.36 (KHTML, like Gecko) Chrome/139.0.0.0 Safari/537.36"
127.0.0.1 - - [03/Sep/2025:14:51:03 +0800] "GET /english/ HTTP/1.1" 304 0 "-" "Mozilla/5.0 (Windows NT 10.0; Win64; x64) AppleWebKit/537.36 (KHTML, like Gecko) Chrome/139.0.0.0 Safari/537.36"
127.0.0.1 - - [03/Sep/2025:14:51:42 +0800] "GET /english/ HTTP/1.1" 304 0 "-" "Mozilla/5.0 (Windows NT 10.0; Win64; x64) AppleWebKit/537.36 (KHTML, like Gecko) Chrome/139.0.0.0 Safari/537.36"
192.168.43.106 - - [03/Sep/2025:14:52:17 +0800] "GET /english HTTP/1.1" 301 169 "-" "Mozilla/5.0 (Windows NT 10.0; Win64; x64) AppleWebKit/537.36 (KHTML, like Gecko) Chrome/132.0.0.0 Safari/537.36 NetType/WIFI MicroMessenger/7.0.20.1781(0x6700143B) WindowsWechat(0x63090a13) UnifiedPCWindowsWechat(0xf254101e) XWEB/16389 Flue"
192.168.43.106 - - [03/Sep/2025:14:52:17 +0800] "GET /english/ HTTP/1.1" 200 12858 "-" "Mozilla/5.0 (Windows NT 10.0; Win64; x64) AppleWebKit/537.36 (KHTML, like Gecko) Chrome/132.0.0.0 Safari/537.36 NetType/WIFI MicroMessenger/7.0.20.1781(0x6700143B) WindowsWechat(0x63090a13) UnifiedPCWindowsWechat(0xf254101e) XWEB/16389 Flue"
192.168.43.106 - - [03/Sep/2025:14:52:17 +0800] "GET /favicon.ico HTTP/1.1" 404 555 "http://192.168.43.106/english/" "Mozilla/5.0 (Windows NT 10.0; Win64; x64) AppleWebKit/537.36 (KHTML, like Gecko) Chrome/132.0.0.0 Safari/537.36 NetType/WIFI MicroMessenger/7.0.20.1781(0x6700143B) WindowsWechat(0x63090a13) UnifiedPCWindowsWechat(0xf254101e) XWEB/16389 Flue"
127.0.0.1 - - [03/Sep/2025:14:52:43 +0800] "GET /english/ HTTP/1.1" 200 12858 "-" "Mozilla/5.0 (Windows NT 10.0; Win64; x64) AppleWebKit/537.36 (KHTML, like Gecko) Chrome/139.0.0.0 Safari/537.36"
127.0.0.1 - - [03/Sep/2025:16:28:21 +0800] "GET /option/ HTTP/1.1" 200 29020 "-" "Mozilla/5.0 (Windows NT 10.0; Win64; x64) AppleWebKit/537.36 (KHTML, like Gecko) Chrome/139.0.0.0 Safari/537.36"
192.168.43.225 - - [03/Sep/2025:18:03:34 +0800] "GET /game/ HTTP/1.1" 200 44830 "-" "Mozilla/5.0 (Linux; Android 15; PA2473 Build/AP3A.240905.015.A2; wv) AppleWebKit/537.36 (KHTML, like Gecko) Version/4.0 Chrome/134.0.6998.136 Safari/537.36 XWEB/1340109 MMWEBSDK/20240501 MMWEBID/8831 MicroMessenger/8.0.50.2701(0x2800325B) WeChat/arm64 Weixin Android Tablet NetType/WIFI Language/zh_CN ABI/arm64"
192.168.43.225 - - [03/Sep/2025:18:03:35 +0800] "GET /favicon.ico HTTP/1.1" 404 555 "http://192.168.43.106/game/" "Mozilla/5.0 (Linux; Android 15; PA2473 Build/AP3A.240905.015.A2; wv) AppleWebKit/537.36 (KHTML, like Gecko) Version/4.0 Chrome/134.0.6998.136 Safari/537.36 XWEB/1340109 MMWEBSDK/20240501 MMWEBID/8831 MicroMessenger/8.0.50.2701(0x2800325B) WeChat/arm64 Weixin Android Tablet NetType/WIFI Language/zh_CN ABI/arm64"
192.168.43.225 - - [03/Sep/2025:18:03:35 +0800] "GET /game/audio/music.mp3 HTTP/1.1" 206 196608 "http://192.168.43.106/game/" "Mozilla/5.0 (Linux; Android 15; PA2473 Build/AP3A.240905.015.A2; wv) AppleWebKit/537.36 (KHTML, like Gecko) Version/4.0 Chrome/134.0.6998.136 Safari/537.36 XWEB/1340109 MMWEBSDK/20240501 MMWEBID/8831 MicroMessenger/8.0.50.2701(0x2800325B) WeChat/arm64 Weixin Android Tablet NetType/WIFI Language/zh_CN ABI/arm64"
127.0.0.1 - - [04/Sep/2025:10:49:09 +0800] "GET /english/ HTTP/1.1" 200 12858 "-" "Mozilla/5.0 (Windows NT 10.0; Win64; x64) AppleWebKit/537.36 (KHTML, like Gecko) Chrome/139.0.0.0 Safari/537.36"
127.0.0.1 - - [04/Sep/2025:10:49:09 +0800] "GET /favicon.ico HTTP/1.1" 404 555 "http://localhost/english/" "Mozilla/5.0 (Windows NT 10.0; Win64; x64) AppleWebKit/537.36 (KHTML, like Gecko) Chrome/139.0.0.0 Safari/537.36"
192.168.0.103 - - [04/Sep/2025:14:16:10 +0800] "GET /english HTTP/1.1" 301 169 "-" "Mozilla/5.0 (Linux; Android 15; V2338A Build/AP3A.240905.015.A2; wv) AppleWebKit/537.36 (KHTML, like Gecko) Version/4.0 Chrome/138.0.7204.180 Mobile Safari/537.36 XWEB/1380143 MMWEBSDK/20250503 MMWEBID/8831 MicroMessenger/8.0.61.2880(0x28003D5B) WeChat/arm64 Weixin NetType/WIFI Language/zh_CN ABI/arm64"
192.168.0.103 - - [04/Sep/2025:14:16:10 +0800] "GET /english/ HTTP/1.1" 200 12858 "-" "Mozilla/5.0 (Linux; Android 15; V2338A Build/AP3A.240905.015.A2; wv) AppleWebKit/537.36 (KHTML, like Gecko) Version/4.0 Chrome/138.0.7204.180 Mobile Safari/537.36 XWEB/1380143 MMWEBSDK/20250503 MMWEBID/8831 MicroMessenger/8.0.61.2880(0x28003D5B) WeChat/arm64 Weixin NetType/WIFI Language/zh_CN ABI/arm64"
192.168.0.103 - - [04/Sep/2025:14:16:10 +0800] "GET /favicon.ico HTTP/1.1" 404 555 "http://192.168.0.109/english/" "Mozilla/5.0 (Linux; Android 15; V2338A Build/AP3A.240905.015.A2; wv) AppleWebKit/537.36 (KHTML, like Gecko) Version/4.0 Chrome/138.0.7204.180 Mobile Safari/537.36 XWEB/1380143 MMWEBSDK/20250503 MMWEBID/8831 MicroMessenger/8.0.61.2880(0x28003D5B) WeChat/arm64 Weixin NetType/WIFI Language/zh_CN ABI/arm64"
192.168.0.103 - - [04/Sep/2025:15:12:58 +0800] "GET /english HTTP/1.1" 301 169 "-" "Mozilla/5.0 (Linux; Android 10; K) AppleWebKit/537.36 (KHTML, like Gecko) Chrome/130.0.0.0 Mobile Safari/537.36"
192.168.0.103 - - [04/Sep/2025:15:12:58 +0800] "GET /english/ HTTP/1.1" 200 12858 "-" "Mozilla/5.0 (Linux; Android 10; K) AppleWebKit/537.36 (KHTML, like Gecko) Chrome/130.0.0.0 Mobile Safari/537.36"
192.168.0.103 - - [04/Sep/2025:15:12:59 +0800] "GET /favicon.ico HTTP/1.1" 404 555 "http://192.168.0.109/english/" "Mozilla/5.0 (Linux; Android 10; K) AppleWebKit/537.36 (KHTML, like Gecko) Chrome/130.0.0.0 Mobile Safari/537.36"
127.0.0.1 - - [04/Sep/2025:17:02:14 +0800] "GET /english/ HTTP/1.1" 304 0 "-" "Mozilla/5.0 (Windows NT 10.0; Win64; x64) AppleWebKit/537.36 (KHTML, like Gecko) Chrome/139.0.0.0 Safari/537.36"
127.0.0.1 - - [04/Sep/2025:17:02:14 +0800] "GET /favicon.ico HTTP/1.1" 404 555 "http://localhost/english/" "Mozilla/5.0 (Windows NT 10.0; Win64; x64) AppleWebKit/537.36 (KHTML, like Gecko) Chrome/139.0.0.0 Safari/537.36"
127.0.0.1 - - [04/Sep/2025:17:03:16 +0800] "GET /option/ HTTP/1.1" 200 29126 "-" "Mozilla/5.0 (Windows NT 10.0; Win64; x64) AppleWebKit/537.36 (KHTML, like Gecko) Chrome/139.0.0.0 Safari/537.36"
127.0.0.1 - - [08/Sep/2025:14:49:30 +0800] "GET /english/ HTTP/1.1" 200 12963 "-" "Mozilla/5.0 (Windows NT 10.0; Win64; x64) AppleWebKit/537.36 (KHTML, like Gecko) Chrome/140.0.0.0 Safari/537.36"
127.0.0.1 - - [08/Sep/2025:14:49:30 +0800] "GET /favicon.ico HTTP/1.1" 404 555 "http://localhost/english/" "Mozilla/5.0 (Windows NT 10.0; Win64; x64) AppleWebKit/537.36 (KHTML, like Gecko) Chrome/140.0.0.0 Safari/537.36"
127.0.0.1 - - [08/Sep/2025:14:49:46 +0800] "GET /option/ HTTP/1.1" 200 29228 "-" "Mozilla/5.0 (Windows NT 10.0; Win64; x64) AppleWebKit/537.36 (KHTML, like Gecko) Chrome/140.0.0.0 Safari/537.36"
127.0.0.1 - - [10/Sep/2025:14:13:01 +0800] "GET /english/ HTTP/1.1" 200 12963 "-" "Mozilla/5.0 (Windows NT 10.0; Win64; x64) AppleWebKit/537.36 (KHTML, like Gecko) Chrome/140.0.0.0 Safari/537.36"
127.0.0.1 - - [10/Sep/2025:14:13:01 +0800] "GET /favicon.ico HTTP/1.1" 404 555 "http://localhost/english/" "Mozilla/5.0 (Windows NT 10.0; Win64; x64) AppleWebKit/537.36 (KHTML, like Gecko) Chrome/140.0.0.0 Safari/537.36"
192.168.43.154 - - [10/Sep/2025:14:21:16 +0800] "GET /english HTTP/1.1" 301 169 "-" "Mozilla/5.0 (Linux; Android 10; K) AppleWebKit/537.36 (KHTML, like Gecko) Chrome/130.0.0.0 Mobile Safari/537.36"
192.168.43.154 - - [10/Sep/2025:14:21:16 +0800] "GET /english/ HTTP/1.1" 200 12963 "-" "Mozilla/5.0 (Linux; Android 10; K) AppleWebKit/537.36 (KHTML, like Gecko) Chrome/130.0.0.0 Mobile Safari/537.36"
192.168.43.154 - - [10/Sep/2025:14:21:16 +0800] "GET /favicon.ico HTTP/1.1" 404 555 "http://192.168.43.106/english/" "Mozilla/5.0 (Linux; Android 10; K) AppleWebKit/537.36 (KHTML, like Gecko) Chrome/130.0.0.0 Mobile Safari/537.36"
127.0.0.1 - - [11/Sep/2025:15:31:39 +0800] "GET /english/ HTTP/1.1" 200 13073 "-" "Mozilla/5.0 (Windows NT 10.0; Win64; x64) AppleWebKit/537.36 (KHTML, like Gecko) Chrome/140.0.0.0 Safari/537.36"
127.0.0.1 - - [11/Sep/2025:15:31:39 +0800] "GET /favicon.ico HTTP/1.1" 404 555 "http://localhost/english/" "Mozilla/5.0 (Windows NT 10.0; Win64; x64) AppleWebKit/537.36 (KHTML, like Gecko) Chrome/140.0.0.0 Safari/537.36"
127.0.0.1 - - [12/Sep/2025:19:27:09 +0800] "GET / HTTP/1.1" 200 7242 "-" "Mozilla/5.0 (Windows NT 10.0; Win64; x64) AppleWebKit/537.36 (KHTML, like Gecko) Chrome/140.0.0.0 Safari/537.36"
127.0.0.1 - - [12/Sep/2025:19:27:10 +0800] "GET /favicon.ico HTTP/1.1" 404 555 "http://localhost/" "Mozilla/5.0 (Windows NT 10.0; Win64; x64) AppleWebKit/537.36 (KHTML, like Gecko) Chrome/140.0.0.0 Safari/537.36"
127.0.0.1 - - [12/Sep/2025:19:27:52 +0800] "GET /.well-known/appspecific/com.chrome.devtools.json HTTP/1.1" 404 555 "-" "Mozilla/5.0 (Windows NT 10.0; Win64; x64) AppleWebKit/537.36 (KHTML, like Gecko) Chrome/140.0.0.0 Safari/537.36"
127.0.0.1 - - [12/Sep/2025:19:28:01 +0800] "GET / HTTP/1.1" 304 0 "-" "Mozilla/5.0 (Windows NT 10.0; Win64; x64) AppleWebKit/537.36 (KHTML, like Gecko) Chrome/140.0.0.0 Safari/537.36"
127.0.0.1 - - [12/Sep/2025:19:28:01 +0800] "GET /.well-known/appspecific/com.chrome.devtools.json HTTP/1.1" 404 555 "-" "Mozilla/5.0 (Windows NT 10.0; Win64; x64) AppleWebKit/537.36 (KHTML, like Gecko) Chrome/140.0.0.0 Safari/537.36"
127.0.0.1 - - [12/Sep/2025:19:54:46 +0800] "GET / HTTP/1.1" 304 0 "-" "Mozilla/5.0 (Windows NT 10.0; Win64; x64) AppleWebKit/537.36 (KHTML, like Gecko) Chrome/140.0.0.0 Safari/537.36"
127.0.0.1 - - [12/Sep/2025:19:54:46 +0800] "GET /.well-known/appspecific/com.chrome.devtools.json HTTP/1.1" 404 555 "-" "Mozilla/5.0 (Windows NT 10.0; Win64; x64) AppleWebKit/537.36 (KHTML, like Gecko) Chrome/140.0.0.0 Safari/537.36"
127.0.0.1 - - [12/Sep/2025:19:55:23 +0800] "GET / HTTP/1.1" 304 0 "-" "Mozilla/5.0 (Windows NT 10.0; Win64; x64) AppleWebKit/537.36 (KHTML, like Gecko) Chrome/140.0.0.0 Safari/537.36"
127.0.0.1 - - [12/Sep/2025:19:55:26 +0800] "GET /book.html?bookname=englishword HTTP/1.1" 404 555 "http://localhost/" "Mozilla/5.0 (Windows NT 10.0; Win64; x64) AppleWebKit/537.36 (KHTML, like Gecko) Chrome/140.0.0.0 Safari/537.36"
127.0.0.1 - - [12/Sep/2025:20:22:00 +0800] "GET / HTTP/1.1" 304 0 "-" "Mozilla/5.0 (Windows NT 10.0; Win64; x64) AppleWebKit/537.36 (KHTML, like Gecko) Chrome/140.0.0.0 Safari/537.36"
127.0.0.1 - - [12/Sep/2025:20:22:01 +0800] "GET /book.html?bookname=englishword HTTP/1.1" 404 555 "http://localhost/" "Mozilla/5.0 (Windows NT 10.0; Win64; x64) AppleWebKit/537.36 (KHTML, like Gecko) Chrome/140.0.0.0 Safari/537.36"
127.0.0.1 - - [12/Sep/2025:20:22:43 +0800] "GET /book.html?bookname=englishword HTTP/1.1" 404 555 "http://localhost/" "Mozilla/5.0 (Windows NT 10.0; Win64; x64) AppleWebKit/537.36 (KHTML, like Gecko) Chrome/140.0.0.0 Safari/537.36"
127.0.0.1 - - [12/Sep/2025:20:22:59 +0800] "GET / HTTP/1.1" 200 7246 "-" "Mozilla/5.0 (Windows NT 10.0; Win64; x64) AppleWebKit/537.36 (KHTML, like Gecko) Chrome/140.0.0.0 Safari/537.36"
127.0.0.1 - - [12/Sep/2025:20:23:00 +0800] "GET /function.html?bookname=englishword HTTP/1.1" 200 10250 "http://localhost/" "Mozilla/5.0 (Windows NT 10.0; Win64; x64) AppleWebKit/537.36 (KHTML, like Gecko) Chrome/140.0.0.0 Safari/537.36"
127.0.0.1 - - [12/Sep/2025:20:23:03 +0800] "GET /reciteWord.html?bookname=englishword HTTP/1.1" 404 555 "http://localhost/function.html?bookname=englishword" "Mozilla/5.0 (Windows NT 10.0; Win64; x64) AppleWebKit/537.36 (KHTML, like Gecko) Chrome/140.0.0.0 Safari/537.36"
